<html>
<body>
<pre>
<h1>µVision Build Log</h1>
<h2>Tool Versions:</h2>
IDE-Version: µVision V5.31.0.0
Copyright (C) 2020 ARM Ltd and ARM Germany GmbH. All rights reserved.
License Information: Alex Siz, mpei, LIC=3UURA-1AGAH-YDLK5-G6MUA-F08QT-Z7N3R
 
Tool Versions:
Toolchain:       MDK-ARM Professional  Version: 5.31.0.0
Toolchain Path:  C:\Keil_v5\ARM\ARMCC\Bin
C Compiler:      Armcc.exe V5.06 update 6 (build 750)
Assembler:       Armasm.exe V5.06 update 6 (build 750)
Linker/Locator:  ArmLink.exe V5.06 update 6 (build 750)
Library Manager: ArmAr.exe V5.06 update 6 (build 750)
Hex Converter:   FromElf.exe V5.06 update 6 (build 750)
CPU DLL:         SARMCM3.DLL V5.31.0.0
Dialog DLL:      DCM.DLL V1.17.3.0
Target DLL:      STLink\ST-LINKIII-KEIL_SWO.dll V3.0.7.0
Dialog DLL:      TCM.DLL V1.46.0.0
 
<h2>Project:</h2>
D:\Git\PMSM.Region_v3_Reg¹3_base_ADCTest\MDK\STM32F303CBT_Prj.uvprojx
Project File Date:  09/14/2020

<h2>Output:</h2>
*** Using Compiler 'V5.06 update 6 (build 750)', folder: 'C:\Keil_v5\ARM\ARMCC\Bin'
Build target 'STM32F303CBT'
compiling motorcontrol.c...
..\Src\motorcontrol.c(127): warning:  #550-D: variable "Torque"  was set but never used
  	float angleSVPWM, uAlfa_temp, uBeta_temp, Torque;
..\Src\motorcontrol.c: 1 warning, 0 errors
linking...
Program Size: Code=11306 RO-data=2502 RW-data=2164 ZI-data=6276  
".\Objects\STM32F303CBT_Prj.axf" - 0 Error(s), 1 Warning(s).

<h2>Software Packages used:</h2>

Package Vendor: ARM
                http://www.keil.com/pack/ARM.CMSIS.5.7.0.pack
                ARM.CMSIS.5.7.0
                CMSIS (Cortex Microcontroller Software Interface Standard)
   * Component: CORE Version: 5.4.0
   * Component: DSP Variant: Library Version: 1.8.0

Package Vendor: Keil
                http://www.keil.com/pack/Keil.STM32F3xx_DFP.2.1.0.pack
                Keil.STM32F3xx_DFP.2.1.0
                STMicroelectronics STM32F3 Series Device Support and Examples
   * Component: Startup Version: 1.0.0

<h2>Collection of Component include folders:</h2>
  .\RTE\_STM32F303CBT
  C:\Users\FluxUser\AppData\Local\Arm\Packs\ARM\CMSIS\5.7.0\CMSIS\Core\Include
  C:\Users\FluxUser\AppData\Local\Arm\Packs\ARM\CMSIS\5.7.0\CMSIS\DSP\Include
  C:\Users\FluxUser\AppData\Local\Arm\Packs\Keil\STM32F3xx_DFP\2.1.0\Drivers\CMSIS\Device\ST\STM32F3xx\Include

<h2>Collection of Component Files used:</h2>

   * Component: ARM::CMSIS:CORE:5.4.0

   * Component: ARM::CMSIS:DSP:Library:1.8.0
      Include file:  CMSIS\DSP\Include\arm_math.h
      Library file:  CMSIS\DSP\Lib\ARM\arm_cortexM4lf_math.lib

   * Component: Keil.Standalone::Device:Startup:1.0.0
      Include file:  Drivers\CMSIS\Device\ST\STM32F3xx\Include\stm32f3xx.h
      Source file:   MDK\Device\Source\ARM\STM32F3xx_OPT.s
      Source file:   Drivers\CMSIS\Device\ST\STM32F3xx\Source\Templates\system_stm32f3xx.c
      Source file:   Drivers\CMSIS\Device\ST\STM32F3xx\Source\Templates\arm\startup_stm32f303xc.s
Build Time Elapsed:  00:00:01
</pre>
</body>
</html>
